Collecting fastapi==0.115.0 (from -r requirements.txt (line 1))
  Downloading fastapi-0.115.0-py3-none-any.whl.metadata (27 kB)
Collecting uvicorn==0.30.6 (from uvicorn[standard]==0.30.6->-r requirements.txt (line 2))
  Downloading uvicorn-0.30.6-py3-none-any.whl.metadata (6.6 kB)
Collecting sqlalchemy==2.0.35 (from -r requirements.txt (line 3))
  Downloading SQLAlchemy-2.0.35-cp312-cp312-win_amd64.whl.metadata (9.9 kB)
Collecting pydantic==2.9.2 (from -r requirements.txt (line 4))
  Downloading pydantic-2.9.2-py3-none-any.whl.metadata (149 kB)
Collecting pydantic-settings==2.5.2 (from -r requirements.txt (line 5))
  Downloading pydantic_settings-2.5.2-py3-none-any.whl.metadata (3.5 kB)
Collecting alembic==1.13.3 (from -r requirements.txt (line 6))
  Downloading alembic-1.13.3-py3-none-any.whl.metadata (7.4 kB)
Collecting httpx==0.27.2 (from -r requirements.txt (line 7))
  Downloading httpx-0.27.2-py3-none-any.whl.metadata (7.1 kB)
Collecting python-multipart==0.0.12 (from -r requirements.txt (line 8))
  Downloading python_multipart-0.0.12-py3-none-any.whl.metadata (1.9 kB)
Collecting python-jose==3.3.0 (from python-jose[cryptography]==3.3.0->-r requirements.txt (line 9))
  Downloading python_jose-3.3.0-py2.py3-none-any.whl.metadata (5.4 kB)
Collecting passlib==1.7.4 (from passlib[bcrypt]==1.7.4->-r requirements.txt (line 10))
  Downloading passlib-1.7.4-py2.py3-none-any.whl.metadata (1.7 kB)
Collecting aiofiles==24.1.0 (from -r requirements.txt (line 11))
  Using cached aiofiles-24.1.0-py3-none-any.whl.metadata (10 kB)
Collecting python-dateutil==2.9.0 (from -r requirements.txt (line 12))
  Downloading python_dateutil-2.9.0-py2.py3-none-any.whl.metadata (8.3 kB)
Collecting packaging==24.1 (from -r requirements.txt (line 13))
  Downloading packaging-24.1-py3-none-any.whl.metadata (3.2 kB)
Collecting requests==2.32.3 (from -r requirements.txt (line 14))
  Downloading requests-2.32.3-py3-none-any.whl.metadata (4.6 kB)
Collecting rich==13.9.1 (from -r requirements.txt (line 15))
  Downloading rich-13.9.1-py3-none-any.whl.metadata (18 kB)
Collecting starlette<0.39.0,>=0.37.2 (from fastapi==0.115.0->-r requirements.txt (line 1))
  Downloading starlette-0.38.6-py3-none-any.whl.metadata (6.0 kB)
Requirement already satisfied: typing-extensions>=4.8.0 in c:\users\addal\appdata\local\programs\python\python312\lib\site-packages (from fastapi==0.115.0->-r requirements.txt (line 1)) (4.14.1)
Requirement already satisfied: annotated-types>=0.6.0 in c:\users\addal\appdata\local\programs\python\python312\lib\site-packages (from pydantic==2.9.2->-r requirements.txt (line 4)) (0.7.0)
Collecting pydantic-core==2.23.4 (from pydantic==2.9.2->-r requirements.txt (line 4))
  Downloading pydantic_core-2.23.4-cp312-none-win_amd64.whl.metadata (6.7 kB)
Requirement already satisfied: click>=7.0 in c:\users\addal\appdata\local\programs\python\python312\lib\site-packages (from uvicorn==0.30.6->uvicorn[standard]==0.30.6->-r requirements.txt (line 2)) (8.2.1)
Requirement already satisfied: h11>=0.8 in c:\users\addal\appdata\local\programs\python\python312\lib\site-packages (from uvicorn==0.30.6->uvicorn[standard]==0.30.6->-r requirements.txt (line 2)) (0.16.0)
Collecting greenlet!=0.4.17 (from sqlalchemy==2.0.35->-r requirements.txt (line 3))
  Downloading greenlet-3.5.6-cp312-cp312-win_amd64.whl.metadata (3.9 kB)
Requirement already satisfied: python-dotenv>=0.21.0 in c:\users\addal\appdata\local\programs\python\python312\lib\site-packages (from pydantic-settings==2.5.2->-r requirements.txt (line 5)) (1.2.1)
Collecting Mako (from alembic==1.13.3->-r requirements.txt (line 6))
  Downloading mako-1.4.3-py3-none-any.whl.metadata (2.9 kB)
Requirement already satisfied: anyio in c:\users\addal\appdata\local\programs\python\python312\lib\site-packages (from httpx==0.27.2->-r requirements.txt (line 7)) (4.10.0)
Requirement already satisfied: certifi in c:\users\addal\appdata\local\programs\python\python312\lib\site-packages (from httpx==0.27.2->-r requirements.txt (line 7)) (2025.8.3)
Requirement already satisfied: httpcore==1.* in c:\users\addal\appdata\local\programs\python\python312\lib\site-packages (from httpx==0.27.2->-r requirements.txt (line 7)) (1.0.9)
Requirement already satisfied: idna in c:\users\addal\appdata\local\programs\python\python312\lib\site-packages (from httpx==0.27.2->-r requirements.txt (line 7)) (3.10)
Requirement already satisfied: sniffio in c:\users\addal\appdata\local\programs\python\python312\lib\site-packages (from httpx==0.27.2->-r requirements.txt (line 7)) (1.3.1)
Collecting ecdsa!=0.15 (from python-jose==3.3.0->python-jose[cryptography]==3.3.0->-r requirements.txt (line 9))
  Downloading ecdsa-0.19.2-py2.py3-none-any.whl.metadata (29 kB)
Requirement already satisfied: rsa in c:\users\addal\appdata\local\programs\python\python312\lib\site-packages (from python-jose==3.3.0->python-jose[cryptography]==3.3.0->-r requirements.txt (line 9)) (4.9.1)
Requirement already satisfied: pyasn1 in c:\users\addal\appdata\local\programs\python\python312\lib\site-packages (from python-jose==3.3.0->python-jose[cryptography]==3.3.0->-r requirements.txt (line 9)) (0.6.2)
Requirement already satisfied: six>=1.5 in c:\users\addal\appdata\local\programs\python\python312\lib\site-packages (from python-dateutil==2.9.0->-r requirements.txt (line 12)) (1.17.0)
Requirement already satisfied: charset-normalizer<4,>=2 in c:\users\addal\appdata\local\programs\python\python312\lib\site-packages (from requests==2.32.3->-r requirements.txt (line 14)) (3.4.3)
Requirement already satisfied: urllib3<3,>=1.21.1 in c:\users\addal\appdata\local\programs\python\python312\lib\site-packages (from requests==2.32.3->-r requirements.txt (line 14)) (2.5.0)
Requirement already satisfied: markdown-it-py>=2.2.0 in c:\users\addal\appdata\local\programs\python\python312\lib\site-packages (from rich==13.9.1->-r requirements.txt (line 15)) (4.0.0)
Requirement already satisfied: pygments<3.0.0,>=2.13.0 in c:\users\addal\appdata\local\programs\python\python312\lib\site-packages (from rich==13.9.1->-r requirements.txt (line 15)) (2.19.2)
Collecting bcrypt>=3.1.0 (from passlib[bcrypt]==1.7.4->-r requirements.txt (line 10))
  Downloading bcrypt-5.0.0-cp39-abi3-win_amd64.whl.metadata (10 kB)
Collecting cryptography>=3.4.0 (from python-jose[cryptography]==3.3.0->-r requirements.txt (line 9))
  Downloading cryptography-50.0.2-cp311-abi3-win_amd64.whl.metadata (4.4 kB)
Requirement already satisfied: colorama>=0.4 in c:\users\addal\appdata\local\programs\python\python312\lib\site-packages (from uvicorn[standard]==0.30.6->-r requirements.txt (line 2)) (0.4.6)
Collecting httptools>=0.5.0 (from uvicorn[standard]==0.30.6->-r requirements.txt (line 2))
  Downloading httptools-0.8.0-cp312-cp312-win_amd64.whl.metadata (3.7 kB)
Requirement already satisfied: pyyaml>=5.1 in c:\users\addal\appdata\local\programs\python\python312\lib\site-packages (from uvicorn[standard]==0.30.6->-r requirements.txt (line 2)) (6.0.3)
Collecting watchfiles>=0.13 (from uvicorn[standard]==0.30.6->-r requirements.txt (line 2))
  Downloading watchfiles-1.3.0-cp310-abi3-win_amd64.whl.metadata (5.0 kB)
Requirement already satisfied: websockets>=10.4 in c:\users\addal\appdata\local\programs\python\python312\lib\site-packages (from uvicorn[standard]==0.30.6->-r requirements.txt (line 2)) (15.0.1)
Collecting cffi>=2.0.0 (from cryptography>=3.4.0->python-jose[cryptography]==3.3.0->-r requirements.txt (line 9))
  Using cached cffi-2.1.1-cp312-cp312-win_amd64.whl.metadata (2.6 kB)
Collecting pycparser (from cffi>=2.0.0->cryptography>=3.4.0->python-jose[cryptography]==3.3.0->-r requirements.txt (line 9))
  Using cached pycparser-3.0-py3-none-any.whl.metadata (8.2 kB)
Requirement already satisfied: mdurl~=0.1 in c:\users\addal\appdata\local\programs\python\python312\lib\site-packages (from markdown-it-py>=2.2.0->rich==13.9.1->-r requirements.txt (line 15)) (0.1.2)
Requirement already satisfied: MarkupSafe>=2.0 in c:\users\addal\appdata\local\programs\python\python312\lib\site-packages (from Mako->alembic==1.13.3->-r requirements.txt (line 6)) (3.0.2)
Downloading fastapi-0.115.0-py3-none-any.whl (94 kB)
Downloading pydantic-2.9.2-py3-none-any.whl (434 kB)
Downloading uvicorn-0.30.6-py3-none-any.whl (62 kB)
Downloading SQLAlchemy-2.0.35-cp312-cp312-win_amd64.whl (2.1 MB)
   ---------------------------------------- 2.1/2.1 MB 199.5 kB/s  0:00:10
Downloading pydantic_settings-2.5.2-py3-none-any.whl (26 kB)
Downloading alembic-1.13.3-py3-none-any.whl (233 kB)
Downloading httpx-0.27.2-py3-none-any.whl (76 kB)
Downloading python_multipart-0.0.12-py3-none-any.whl (23 kB)
Downloading python_jose-3.3.0-py2.py3-none-any.whl (33 kB)
Downloading passlib-1.7.4-py2.py3-none-any.whl (525 kB)
   ---------------------------------------- 525.6/525.6 kB 88.3 kB/s  0:00:05
Downloading aiofiles-24.1.0-py3-none-any.whl (15 kB)
Downloading python_dateutil-2.9.0-py2.py3-none-any.whl (230 kB)
Downloading packaging-24.1-py3-none-any.whl (53 kB)
Downloading requests-2.32.3-py3-none-any.whl (64 kB)
Downloading rich-13.9.1-py3-none-any.whl (242 kB)
Downloading pydantic_core-2.23.4-cp312-none-win_amd64.whl (1.9 MB)
   ---------------------------------------- 1.9/1.9 MB 251.7 kB/s  0:00:08
Downloading starlette-0.38.6-py3-none-any.whl (71 kB)
Downloading bcrypt-5.0.0-cp39-abi3-win_amd64.whl (150 kB)
Downloading cryptography-50.0.2-cp311-abi3-win_amd64.whl (3.8 MB)
   ---------------------------------------- 3.8/3.8 MB 174.3 kB/s  0:00:21
Downloading cffi-2.1.1-cp312-cp312-win_amd64.whl (185 kB)
Downloading ecdsa-0.19.2-py2.py3-none-any.whl (150 kB)
Downloading greenlet-3.5.6-cp312-cp312-win_amd64.whl (324 kB)
Downloading httptools-0.8.0-cp312-cp312-win_amd64.whl (90 kB)
Downloading watchfiles-1.3.0-cp310-abi3-win_amd64.whl (290 kB)
Downloading mako-1.4.3-py3-none-any.whl (80 kB)
Downloading pycparser-3.0-py3-none-any.whl (48 kB)
Installing collected packages: passlib, requests, python-multipart, python-dateutil, pydantic-core, pycparser, packaging, Mako, httptools, greenlet, ecdsa, bcrypt, aiofiles, watchfiles, uvicorn, starlette, sqlalchemy, rich, python-jose, pydantic, httpx, cffi, pydantic-settings, fastapi, cryptography, alembic
  Attempting uninstall: requests
    Found existing installation: requests 2.32.4
    Uninstalling requests-2.32.4:
      Successfully uninstalled requests-2.32.4
  Attempting uninstall: python-dateutil
    Found existing installation: python-dateutil 2.9.0.post0
    Uninstalling python-dateutil-2.9.0.post0:
      Successfully uninstalled python-dateutil-2.9.0.post0
  Attempting uninstall: pydantic-core
    Found existing installation: pydantic_core 2.33.2
    Uninstalling pydantic_core-2.33.2:
      Successfully uninstalled pydantic_core-2.33.2
  Attempting uninstall: packaging
    Found existing installation: packaging 25.0
    Uninstalling packaging-25.0:
      Successfully uninstalled packaging-25.0
  Attempting uninstall: rich
    Found existing installation: rich 14.1.0
    Uninstalling rich-14.1.0:
      Successfully uninstalled rich-14.1.0
  Attempting uninstall: pydantic
    Found existing installation: pydantic 2.11.7
    Uninstalling pydantic-2.11.7:
      Successfully uninstalled pydantic-2.11.7
  Attempting uninstall: httpx
    Found existing installation: httpx 0.28.1
    Uninstalling httpx-0.28.1:
      Successfully uninstalled httpx-0.28.1

ERROR: pip's dependency resolver does not currently take into account all the packages that are installed. This behaviour is the source of the following dependency conflicts.
google-genai 1.60.0 requires httpx<1.0.0,>=0.28.1, but you have httpx 0.27.2 which is incompatible.
mistralai 1.9.3 requires httpx>=0.28.1, but you have httpx 0.27.2 which is incompatible.
mistralai 1.9.3 requires pydantic>=2.10.3, but you have pydantic 2.9.2 which is incompatible.
Successfully installed Mako-1.4.3 aiofiles-24.1.0 alembic-1.13.3 bcrypt-5.0.0 cffi-2.1.1 cryptography-50.0.2 ecdsa-0.19.2 fastapi-0.115.0 greenlet-3.5.6 httptools-0.8.0 httpx-0.27.2 packaging-24.1 passlib-1.7.4 pycparser-3.0 pydantic-2.9.2 pydantic-core-2.23.4 pydantic-settings-2.5.2 python-dateutil-2.9.0 python-jose-3.3.0 python-multipart-0.0.12 requests-2.32.3 rich-13.9.1 sqlalchemy-2.0.35 starlette-0.38.6 uvicorn-0.30.6 watchfiles-1.3.0

[notice] A new release of pip is available: 25.3 -> 26.2.1
[notice] To update, run: python.exe -m pip install --upgrade pip
